{
  "raw_rows": 39523,
  "raw_missing_values": 0,
  "calendar_hours": 40267,
  "missing_hours": 744,
  "gap_intervals": 21,
  "training_calendar_hours": 36240,
  "training_observed_targets": 35736,
  "test_calendar_hours": 4027,
  "test_observed_targets": 3787,
  "full_test_windows": 23,
  "eligible_test_windows": 16,
  "evaluated_hours": 2688,
  "tail_hours": 163,
  "preprocessed_rows": 36830,
  "removed_original_rows": 2693,
  "preprocessed_matches_notebook_global_zscore_filter": true
}
Eligible test windows: [1, 2, 3, 4, 5, 6, 7, 10, 16, 17, 18, 19, 20, 21, 22, 23]


 *** This program and the respective minimum Redundancy Maximum Relevance (mRMR) 
     algorithm were developed by Hanchuan Peng <hanchuan.peng@gmail.com>for
     the paper 
     "Feature selection based on mutual information: criteria of 
      max-dependency, max-relevance, and min-redundancy,"
      Hanchuan Peng, Fuhui Long, and Chris Ding, 
      IEEE Transactions on Pattern Analysis and Machine Intelligence,
      Vol. 27, No. 8, pp.1226-1238, 2005.


*** MaxRel features ***
Order 	 Fea 	 Name 	 Score
1 	 9 	 pm10 	 1.749
2 	 3 	 co 	 1.106
3 	 1 	 no 	 0.742
4 	 2 	 no2 	 0.603
5 	 4 	 so2 	 0.519

*** mRMR features *** 
Order 	 Fea 	 Name 	 Score
1 	 9 	 pm10 	 1.749
2 	 8 	 dewpt 	 1.065
3 	 2 	 no2 	 2.035
4 	 1 	 no 	 1.918
5 	 3 	 co 	 1.481
