test_cross_horizon_placeholder_effect_is_rejected (test_coverage.CoverageTests.test_cross_horizon_placeholder_effect_is_rejected) ... ok
test_fill_preserves_observations_and_is_prefix_causal (test_coverage.CoverageTests.test_fill_preserves_observations_and_is_prefix_causal) ... ok
test_installed_neural_future_placeholders_do_not_affect_other_leads (test_coverage.CoverageTests.test_installed_neural_future_placeholders_do_not_affect_other_leads) ... Importing plotly failed. Interactive plots will not work.
Importing plotly failed. Interactive plots will not work.
WARNING - (py.warnings._showwarnmsg) - /home/moazzam/Documents/Windows/VS Code/Python/Research/Weather Forecasting - Experiments/venv/lib/python3.11/site-packages/neuralprophet/df_utils.py:464: FutureWarning: DataFrameGroupBy.apply operated on the grouping columns. This behavior is deprecated, and in a future version of pandas the grouping columns will be excluded from the operation. Either pass `include_groups=False` to exclude the groupings or explicitly select the grouping columns after groupby to silence this warning.
  if df.groupby("ID").apply(lambda x: x.duplicated("ds").any()).any():

WARNING - (py.warnings._showwarnmsg) - /home/moazzam/Documents/Windows/VS Code/Python/Research/Weather Forecasting - Experiments/venv/lib/python3.11/site-packages/neuralprophet/df_utils.py:1152: FutureWarning: Series.view is deprecated and will be removed in a future version. Use ``astype`` as an alternative to change the dtype.
  converted_ds = pd.to_datetime(ds_col, utc=True).view(dtype=np.int64)

WARNING - (py.warnings._showwarnmsg) - /home/moazzam/Documents/Windows/VS Code/Python/Research/Weather Forecasting - Experiments/venv/lib/python3.11/site-packages/neuralprophet/df_utils.py:1152: FutureWarning: Series.view is deprecated and will be removed in a future version. Use ``astype`` as an alternative to change the dtype.
  converted_ds = pd.to_datetime(ds_col, utc=True).view(dtype=np.int64)

WARNING - (py.warnings._showwarnmsg) - /home/moazzam/Documents/Windows/VS Code/Python/Research/Weather Forecasting - Experiments/venv/lib/python3.11/site-packages/neuralprophet/df_utils.py:1152: FutureWarning: Series.view is deprecated and will be removed in a future version. Use ``astype`` as an alternative to change the dtype.
  converted_ds = pd.to_datetime(ds_col, utc=True).view(dtype=np.int64)

WARNING - (py.warnings._showwarnmsg) - /home/moazzam/Documents/Windows/VS Code/Python/Research/Weather Forecasting - Experiments/venv/lib/python3.11/site-packages/neuralprophet/data/process.py:496: FutureWarning: DataFrameGroupBy.apply operated on the grouping columns. This behavior is deprecated, and in a future version of pandas the grouping columns will be excluded from the operation. Either pass `include_groups=False` to exclude the groupings or explicitly select the grouping columns after groupby to silence this warning.
  df_grouped = df.groupby("ID").apply(lambda x: x.set_index("ds").resample(freq).asfreq()).drop(columns=["ID"])

WARNING - (py.warnings._showwarnmsg) - /home/moazzam/Documents/Windows/VS Code/Python/Research/Weather Forecasting - Experiments/venv/lib/python3.11/site-packages/neuralprophet/data/process.py:507: FutureWarning: DataFrameGroupBy.apply operated on the grouping columns. This behavior is deprecated, and in a future version of pandas the grouping columns will be excluded from the operation. Either pass `include_groups=False` to exclude the groupings or explicitly select the grouping columns after groupby to silence this warning.
  df_dropped = df.groupby("ID", group_keys=False).apply(lambda x: x.loc[: last_valid_index[x.name]])

2026-10-01 01:18:27.043035: I tensorflow/core/platform/cpu_feature_guard.cc:210] This TensorFlow binary is optimized to use available CPU instructions in performance-critical operations.
To enable the following instructions: AVX2 FMA, in other operations, rebuild TensorFlow with the appropriate compiler flags.
WARNING - (py.warnings._showwarnmsg) - /home/moazzam/Documents/Windows/VS Code/Python/Research/Weather Forecasting - Experiments/venv/lib/python3.11/site-packages/google/protobuf/runtime_version.py:98: UserWarning: Protobuf gencode version 5.28.3 is exactly one major version older than the runtime version 6.31.1 at tensorflow/core/framework/attr_value.proto. Please update the gencode to avoid compatibility violations in the next runtime release.
  warnings.warn(

WARNING - (py.warnings._showwarnmsg) - /home/moazzam/Documents/Windows/VS Code/Python/Research/Weather Forecasting - Experiments/venv/lib/python3.11/site-packages/google/protobuf/runtime_version.py:98: UserWarning: Protobuf gencode version 5.28.3 is exactly one major version older than the runtime version 6.31.1 at tensorflow/core/framework/tensor.proto. Please update the gencode to avoid compatibility violations in the next runtime release.
  warnings.warn(

WARNING - (py.warnings._showwarnmsg) - /home/moazzam/Documents/Windows/VS Code/Python/Research/Weather Forecasting - Experiments/venv/lib/python3.11/site-packages/google/protobuf/runtime_version.py:98: UserWarning: Protobuf gencode version 5.28.3 is exactly one major version older than the runtime version 6.31.1 at tensorflow/core/framework/resource_handle.proto. Please update the gencode to avoid compatibility violations in the next runtime release.
  warnings.warn(

WARNING - (py.warnings._showwarnmsg) - /home/moazzam/Documents/Windows/VS Code/Python/Research/Weather Forecasting - Experiments/venv/lib/python3.11/site-packages/google/protobuf/runtime_version.py:98: UserWarning: Protobuf gencode version 5.28.3 is exactly one major version older than the runtime version 6.31.1 at tensorflow/core/framework/tensor_shape.proto. Please update the gencode to avoid compatibility violations in the next runtime release.
  warnings.warn(

WARNING - (py.warnings._showwarnmsg) - /home/moazzam/Documents/Windows/VS Code/Python/Research/Weather Forecasting - Experiments/venv/lib/python3.11/site-packages/google/protobuf/runtime_version.py:98: UserWarning: Protobuf gencode version 5.28.3 is exactly one major version older than the runtime version 6.31.1 at tensorflow/core/framework/types.proto. Please update the gencode to avoid compatibility violations in the next runtime release.
  warnings.warn(

WARNING - (py.warnings._showwarnmsg) - /home/moazzam/Documents/Windows/VS Code/Python/Research/Weather Forecasting - Experiments/venv/lib/python3.11/site-packages/google/protobuf/runtime_version.py:98: UserWarning: Protobuf gencode version 5.28.3 is exactly one major version older than the runtime version 6.31.1 at tensorflow/core/framework/full_type.proto. Please update the gencode to avoid compatibility violations in the next runtime release.
  warnings.warn(

WARNING - (py.warnings._showwarnmsg) - /home/moazzam/Documents/Windows/VS Code/Python/Research/Weather Forecasting - Experiments/venv/lib/python3.11/site-packages/google/protobuf/runtime_version.py:98: UserWarning: Protobuf gencode version 5.28.3 is exactly one major version older than the runtime version 6.31.1 at tensorflow/core/framework/function.proto. Please update the gencode to avoid compatibility violations in the next runtime release.
  warnings.warn(

WARNING - (py.warnings._showwarnmsg) - /home/moazzam/Documents/Windows/VS Code/Python/Research/Weather Forecasting - Experiments/venv/lib/python3.11/site-packages/google/protobuf/runtime_version.py:98: UserWarning: Protobuf gencode version 5.28.3 is exactly one major version older than the runtime version 6.31.1 at tensorflow/core/framework/node_def.proto. Please update the gencode to avoid compatibility violations in the next runtime release.
  warnings.warn(

WARNING - (py.warnings._showwarnmsg) - /home/moazzam/Documents/Windows/VS Code/Python/Research/Weather Forecasting - Experiments/venv/lib/python3.11/site-packages/google/protobuf/runtime_version.py:98: UserWarning: Protobuf gencode version 5.28.3 is exactly one major version older than the runtime version 6.31.1 at tensorflow/core/framework/op_def.proto. Please update the gencode to avoid compatibility violations in the next runtime release.
  warnings.warn(

WARNING - (py.warnings._showwarnmsg) - /home/moazzam/Documents/Windows/VS Code/Python/Research/Weather Forecasting - Experiments/venv/lib/python3.11/site-packages/google/protobuf/runtime_version.py:98: UserWarning: Protobuf gencode version 5.28.3 is exactly one major version older than the runtime version 6.31.1 at tensorflow/core/framework/graph.proto. Please update the gencode to avoid compatibility violations in the next runtime release.
  warnings.warn(

WARNING - (py.warnings._showwarnmsg) - /home/moazzam/Documents/Windows/VS Code/Python/Research/Weather Forecasting - Experiments/venv/lib/python3.11/site-packages/google/protobuf/runtime_version.py:98: UserWarning: Protobuf gencode version 5.28.3 is exactly one major version older than the runtime version 6.31.1 at tensorflow/core/framework/graph_debug_info.proto. Please update the gencode to avoid compatibility violations in the next runtime release.
  warnings.warn(

WARNING - (py.warnings._showwarnmsg) - /home/moazzam/Documents/Windows/VS Code/Python/Research/Weather Forecasting - Experiments/venv/lib/python3.11/site-packages/google/protobuf/runtime_version.py:98: UserWarning: Protobuf gencode version 5.28.3 is exactly one major version older than the runtime version 6.31.1 at tensorflow/core/framework/versions.proto. Please update the gencode to avoid compatibility violations in the next runtime release.
  warnings.warn(

WARNING - (py.warnings._showwarnmsg) - /home/moazzam/Documents/Windows/VS Code/Python/Research/Weather Forecasting - Experiments/venv/lib/python3.11/site-packages/google/protobuf/runtime_version.py:98: UserWarning: Protobuf gencode version 5.28.3 is exactly one major version older than the runtime version 6.31.1 at tensorflow/core/protobuf/config.proto. Please update the gencode to avoid compatibility violations in the next runtime release.
  warnings.warn(

WARNING - (py.warnings._showwarnmsg) - /home/moazzam/Documents/Windows/VS Code/Python/Research/Weather Forecasting - Experiments/venv/lib/python3.11/site-packages/google/protobuf/runtime_version.py:98: UserWarning: Protobuf gencode version 5.28.3 is exactly one major version older than the runtime version 6.31.1 at xla/tsl/protobuf/coordination_config.proto. Please update the gencode to avoid compatibility violations in the next runtime release.
  warnings.warn(

WARNING - (py.warnings._showwarnmsg) - /home/moazzam/Documents/Windows/VS Code/Python/Research/Weather Forecasting - Experiments/venv/lib/python3.11/site-packages/google/protobuf/runtime_version.py:98: UserWarning: Protobuf gencode version 5.28.3 is exactly one major version older than the runtime version 6.31.1 at tensorflow/core/framework/cost_graph.proto. Please update the gencode to avoid compatibility violations in the next runtime release.
  warnings.warn(

WARNING - (py.warnings._showwarnmsg) - /home/moazzam/Documents/Windows/VS Code/Python/Research/Weather Forecasting - Experiments/venv/lib/python3.11/site-packages/google/protobuf/runtime_version.py:98: UserWarning: Protobuf gencode version 5.28.3 is exactly one major version older than the runtime version 6.31.1 at tensorflow/core/framework/step_stats.proto. Please update the gencode to avoid compatibility violations in the next runtime release.
  warnings.warn(

WARNING - (py.warnings._showwarnmsg) - /home/moazzam/Documents/Windows/VS Code/Python/Research/Weather Forecasting - Experiments/venv/lib/python3.11/site-packages/google/protobuf/runtime_version.py:98: UserWarning: Protobuf gencode version 5.28.3 is exactly one major version older than the runtime version 6.31.1 at tensorflow/core/framework/allocation_description.proto. Please update the gencode to avoid compatibility violations in the next runtime release.
  warnings.warn(

WARNING - (py.warnings._showwarnmsg) - /home/moazzam/Documents/Windows/VS Code/Python/Research/Weather Forecasting - Experiments/venv/lib/python3.11/site-packages/google/protobuf/runtime_version.py:98: UserWarning: Protobuf gencode version 5.28.3 is exactly one major version older than the runtime version 6.31.1 at tensorflow/core/framework/tensor_description.proto. Please update the gencode to avoid compatibility violations in the next runtime release.
  warnings.warn(

WARNING - (py.warnings._showwarnmsg) - /home/moazzam/Documents/Windows/VS Code/Python/Research/Weather Forecasting - Experiments/venv/lib/python3.11/site-packages/google/protobuf/runtime_version.py:98: UserWarning: Protobuf gencode version 5.28.3 is exactly one major version older than the runtime version 6.31.1 at tensorflow/core/protobuf/cluster.proto. Please update the gencode to avoid compatibility violations in the next runtime release.
  warnings.warn(

WARNING - (py.warnings._showwarnmsg) - /home/moazzam/Documents/Windows/VS Code/Python/Research/Weather Forecasting - Experiments/venv/lib/python3.11/site-packages/google/protobuf/runtime_version.py:98: UserWarning: Protobuf gencode version 5.28.3 is exactly one major version older than the runtime version 6.31.1 at tensorflow/core/protobuf/debug.proto. Please update the gencode to avoid compatibility violations in the next runtime release.
  warnings.warn(

WARNING - (py.warnings._showwarnmsg) - /home/moazzam/Documents/Windows/VS Code/Python/Research/Weather Forecasting - Experiments/venv/lib/python3.11/site-packages/pytorch_lightning/utilities/data.py:79: Trying to infer the `batch_size` from an ambiguous collection. The batch size we found is 32. To avoid any miscalculations, use `self.log(..., batch_size=batch_size)`.

WARNING - (py.warnings._showwarnmsg) - /home/moazzam/Documents/Windows/VS Code/Python/Research/Weather Forecasting - Experiments/venv/lib/python3.11/site-packages/pytorch_lightning/utilities/data.py:79: Trying to infer the `batch_size` from an ambiguous collection. The batch size we found is 21. To avoid any miscalculations, use `self.log(..., batch_size=batch_size)`.

WARNING - (py.warnings._showwarnmsg) - /home/moazzam/Documents/Windows/VS Code/Python/Research/Weather Forecasting - Experiments/venv/lib/python3.11/site-packages/neuralprophet/df_utils.py:1152: FutureWarning: Series.view is deprecated and will be removed in a future version. Use ``astype`` as an alternative to change the dtype.
  converted_ds = pd.to_datetime(ds_col, utc=True).view(dtype=np.int64)

WARNING - (py.warnings._showwarnmsg) - /home/moazzam/Documents/Windows/VS Code/Python/Research/Weather Forecasting - Experiments/venv/lib/python3.11/site-packages/neuralprophet/df_utils.py:1152: FutureWarning: Series.view is deprecated and will be removed in a future version. Use ``astype`` as an alternative to change the dtype.
  converted_ds = pd.to_datetime(ds_col, utc=True).view(dtype=np.int64)

WARNING - (py.warnings._showwarnmsg) - /home/moazzam/Documents/Windows/VS Code/Python/Research/Weather Forecasting - Experiments/venv/lib/python3.11/site-packages/neuralprophet/df_utils.py:1152: FutureWarning: Series.view is deprecated and will be removed in a future version. Use ``astype`` as an alternative to change the dtype.
  converted_ds = pd.to_datetime(ds_col, utc=True).view(dtype=np.int64)

WARNING - (py.warnings._showwarnmsg) - /home/moazzam/Documents/Windows/VS Code/Python/Research/Weather Forecasting - Experiments/venv/lib/python3.11/site-packages/neuralprophet/df_utils.py:464: FutureWarning: DataFrameGroupBy.apply operated on the grouping columns. This behavior is deprecated, and in a future version of pandas the grouping columns will be excluded from the operation. Either pass `include_groups=False` to exclude the groupings or explicitly select the grouping columns after groupby to silence this warning.
  if df.groupby("ID").apply(lambda x: x.duplicated("ds").any()).any():

WARNING - (py.warnings._showwarnmsg) - /home/moazzam/Documents/Windows/VS Code/Python/Research/Weather Forecasting - Experiments/venv/lib/python3.11/site-packages/neuralprophet/data/split.py:273: FutureWarning: The behavior of DataFrame concatenation with empty or all-NA entries is deprecated. In a future version, this will no longer exclude empty or all-NA columns when determining the result dtypes. To retain the old behavior, exclude the relevant entries before the concat operation.
  df = pd.concat([df, future_df])

WARNING - (py.warnings._showwarnmsg) - /home/moazzam/Documents/Windows/VS Code/Python/Research/Weather Forecasting - Experiments/venv/lib/python3.11/site-packages/neuralprophet/df_utils.py:1152: FutureWarning: Series.view is deprecated and will be removed in a future version. Use ``astype`` as an alternative to change the dtype.
  converted_ds = pd.to_datetime(ds_col, utc=True).view(dtype=np.int64)

WARNING - (py.warnings._showwarnmsg) - /home/moazzam/Documents/Windows/VS Code/Python/Research/Weather Forecasting - Experiments/venv/lib/python3.11/site-packages/neuralprophet/df_utils.py:1152: FutureWarning: Series.view is deprecated and will be removed in a future version. Use ``astype`` as an alternative to change the dtype.
  converted_ds = pd.to_datetime(ds_col, utc=True).view(dtype=np.int64)

WARNING - (py.warnings._showwarnmsg) - /home/moazzam/Documents/Windows/VS Code/Python/Research/Weather Forecasting - Experiments/venv/lib/python3.11/site-packages/neuralprophet/df_utils.py:1152: FutureWarning: Series.view is deprecated and will be removed in a future version. Use ``astype`` as an alternative to change the dtype.
  converted_ds = pd.to_datetime(ds_col, utc=True).view(dtype=np.int64)

WARNING - (py.warnings._showwarnmsg) - /home/moazzam/Documents/Windows/VS Code/Python/Research/Weather Forecasting - Experiments/venv/lib/python3.11/site-packages/neuralprophet/df_utils.py:1152: FutureWarning: Series.view is deprecated and will be removed in a future version. Use ``astype`` as an alternative to change the dtype.
  converted_ds = pd.to_datetime(ds_col, utc=True).view(dtype=np.int64)

WARNING - (py.warnings._showwarnmsg) - /home/moazzam/Documents/Windows/VS Code/Python/Research/Weather Forecasting - Experiments/venv/lib/python3.11/site-packages/neuralprophet/df_utils.py:1152: FutureWarning: Series.view is deprecated and will be removed in a future version. Use ``astype`` as an alternative to change the dtype.
  converted_ds = pd.to_datetime(ds_col, utc=True).view(dtype=np.int64)

WARNING - (py.warnings._showwarnmsg) - /home/moazzam/Documents/Windows/VS Code/Python/Research/Weather Forecasting - Experiments/venv/lib/python3.11/site-packages/neuralprophet/df_utils.py:1152: FutureWarning: Series.view is deprecated and will be removed in a future version. Use ``astype`` as an alternative to change the dtype.
  converted_ds = pd.to_datetime(ds_col, utc=True).view(dtype=np.int64)

WARNING - (py.warnings._showwarnmsg) - /home/moazzam/Documents/Windows/VS Code/Python/Research/Weather Forecasting - Experiments/venv/lib/python3.11/site-packages/neuralprophet/df_utils.py:464: FutureWarning: DataFrameGroupBy.apply operated on the grouping columns. This behavior is deprecated, and in a future version of pandas the grouping columns will be excluded from the operation. Either pass `include_groups=False` to exclude the groupings or explicitly select the grouping columns after groupby to silence this warning.
  if df.groupby("ID").apply(lambda x: x.duplicated("ds").any()).any():

WARNING - (py.warnings._showwarnmsg) - /home/moazzam/Documents/Windows/VS Code/Python/Research/Weather Forecasting - Experiments/venv/lib/python3.11/site-packages/neuralprophet/data/process.py:496: FutureWarning: DataFrameGroupBy.apply operated on the grouping columns. This behavior is deprecated, and in a future version of pandas the grouping columns will be excluded from the operation. Either pass `include_groups=False` to exclude the groupings or explicitly select the grouping columns after groupby to silence this warning.
  df_grouped = df.groupby("ID").apply(lambda x: x.set_index("ds").resample(freq).asfreq()).drop(columns=["ID"])

WARNING - (py.warnings._showwarnmsg) - /home/moazzam/Documents/Windows/VS Code/Python/Research/Weather Forecasting - Experiments/venv/lib/python3.11/site-packages/neuralprophet/data/process.py:507: FutureWarning: DataFrameGroupBy.apply operated on the grouping columns. This behavior is deprecated, and in a future version of pandas the grouping columns will be excluded from the operation. Either pass `include_groups=False` to exclude the groupings or explicitly select the grouping columns after groupby to silence this warning.
  df_dropped = df.groupby("ID", group_keys=False).apply(lambda x: x.loc[: last_valid_index[x.name]])

WARNING - (py.warnings._showwarnmsg) - /home/moazzam/Documents/Windows/VS Code/Python/Research/Weather Forecasting - Experiments/venv/lib/python3.11/site-packages/neuralprophet/data/process.py:517: FutureWarning: DataFrameGroupBy.apply operated on the grouping columns. This behavior is deprecated, and in a future version of pandas the grouping columns will be excluded from the operation. Either pass `include_groups=False` to exclude the groupings or explicitly select the grouping columns after groupby to silence this warning.
  df_dropped = df.groupby("ID", group_keys=False).apply(lambda x: x.loc[: last_valid_index[x.name]])

WARNING - (py.warnings._showwarnmsg) - /home/moazzam/Documents/Windows/VS Code/Python/Research/Weather Forecasting - Experiments/venv/lib/python3.11/site-packages/neuralprophet/data/process.py:522: FutureWarning: DataFrameGroupBy.apply operated on the grouping columns. This behavior is deprecated, and in a future version of pandas the grouping columns will be excluded from the operation. Either pass `include_groups=False` to exclude the groupings or explicitly select the grouping columns after groupby to silence this warning.
  df_to_add = df.groupby("ID", group_keys=False).apply(lambda x: x.loc[last_valid_index[x.name] + 1 :])

WARNING - (py.warnings._showwarnmsg) - /home/moazzam/Documents/Windows/VS Code/Python/Research/Weather Forecasting - Experiments/venv/lib/python3.11/site-packages/neuralprophet/df_utils.py:1152: FutureWarning: Series.view is deprecated and will be removed in a future version. Use ``astype`` as an alternative to change the dtype.
  converted_ds = pd.to_datetime(ds_col, utc=True).view(dtype=np.int64)

WARNING - (py.warnings._showwarnmsg) - /home/moazzam/Documents/Windows/VS Code/Python/Research/Weather Forecasting - Experiments/venv/lib/python3.11/site-packages/neuralprophet/df_utils.py:1152: FutureWarning: Series.view is deprecated and will be removed in a future version. Use ``astype`` as an alternative to change the dtype.
  converted_ds = pd.to_datetime(ds_col, utc=True).view(dtype=np.int64)

WARNING - (py.warnings._showwarnmsg) - /home/moazzam/Documents/Windows/VS Code/Python/Research/Weather Forecasting - Experiments/venv/lib/python3.11/site-packages/neuralprophet/df_utils.py:1152: FutureWarning: Series.view is deprecated and will be removed in a future version. Use ``astype`` as an alternative to change the dtype.
  converted_ds = pd.to_datetime(ds_col, utc=True).view(dtype=np.int64)

WARNING - (py.warnings._showwarnmsg) - /home/moazzam/Documents/Windows/VS Code/Python/Research/Weather Forecasting - Experiments/venv/lib/python3.11/site-packages/neuralprophet/df_utils.py:464: FutureWarning: DataFrameGroupBy.apply operated on the grouping columns. This behavior is deprecated, and in a future version of pandas the grouping columns will be excluded from the operation. Either pass `include_groups=False` to exclude the groupings or explicitly select the grouping columns after groupby to silence this warning.
  if df.groupby("ID").apply(lambda x: x.duplicated("ds").any()).any():

WARNING - (py.warnings._showwarnmsg) - /home/moazzam/Documents/Windows/VS Code/Python/Research/Weather Forecasting - Experiments/venv/lib/python3.11/site-packages/neuralprophet/data/split.py:273: FutureWarning: The behavior of DataFrame concatenation with empty or all-NA entries is deprecated. In a future version, this will no longer exclude empty or all-NA columns when determining the result dtypes. To retain the old behavior, exclude the relevant entries before the concat operation.
  df = pd.concat([df, future_df])

WARNING - (py.warnings._showwarnmsg) - /home/moazzam/Documents/Windows/VS Code/Python/Research/Weather Forecasting - Experiments/venv/lib/python3.11/site-packages/neuralprophet/df_utils.py:1152: FutureWarning: Series.view is deprecated and will be removed in a future version. Use ``astype`` as an alternative to change the dtype.
  converted_ds = pd.to_datetime(ds_col, utc=True).view(dtype=np.int64)

WARNING - (py.warnings._showwarnmsg) - /home/moazzam/Documents/Windows/VS Code/Python/Research/Weather Forecasting - Experiments/venv/lib/python3.11/site-packages/neuralprophet/df_utils.py:1152: FutureWarning: Series.view is deprecated and will be removed in a future version. Use ``astype`` as an alternative to change the dtype.
  converted_ds = pd.to_datetime(ds_col, utc=True).view(dtype=np.int64)

WARNING - (py.warnings._showwarnmsg) - /home/moazzam/Documents/Windows/VS Code/Python/Research/Weather Forecasting - Experiments/venv/lib/python3.11/site-packages/neuralprophet/df_utils.py:1152: FutureWarning: Series.view is deprecated and will be removed in a future version. Use ``astype`` as an alternative to change the dtype.
  converted_ds = pd.to_datetime(ds_col, utc=True).view(dtype=np.int64)

WARNING - (py.warnings._showwarnmsg) - /home/moazzam/Documents/Windows/VS Code/Python/Research/Weather Forecasting - Experiments/venv/lib/python3.11/site-packages/neuralprophet/df_utils.py:1152: FutureWarning: Series.view is deprecated and will be removed in a future version. Use ``astype`` as an alternative to change the dtype.
  converted_ds = pd.to_datetime(ds_col, utc=True).view(dtype=np.int64)

WARNING - (py.warnings._showwarnmsg) - /home/moazzam/Documents/Windows/VS Code/Python/Research/Weather Forecasting - Experiments/venv/lib/python3.11/site-packages/neuralprophet/df_utils.py:1152: FutureWarning: Series.view is deprecated and will be removed in a future version. Use ``astype`` as an alternative to change the dtype.
  converted_ds = pd.to_datetime(ds_col, utc=True).view(dtype=np.int64)

WARNING - (py.warnings._showwarnmsg) - /home/moazzam/Documents/Windows/VS Code/Python/Research/Weather Forecasting - Experiments/venv/lib/python3.11/site-packages/neuralprophet/df_utils.py:1152: FutureWarning: Series.view is deprecated and will be removed in a future version. Use ``astype`` as an alternative to change the dtype.
  converted_ds = pd.to_datetime(ds_col, utc=True).view(dtype=np.int64)

WARNING - (py.warnings._showwarnmsg) - /home/moazzam/Documents/Windows/VS Code/Python/Research/Weather Forecasting - Experiments/venv/lib/python3.11/site-packages/neuralprophet/df_utils.py:464: FutureWarning: DataFrameGroupBy.apply operated on the grouping columns. This behavior is deprecated, and in a future version of pandas the grouping columns will be excluded from the operation. Either pass `include_groups=False` to exclude the groupings or explicitly select the grouping columns after groupby to silence this warning.
  if df.groupby("ID").apply(lambda x: x.duplicated("ds").any()).any():

WARNING - (py.warnings._showwarnmsg) - /home/moazzam/Documents/Windows/VS Code/Python/Research/Weather Forecasting - Experiments/venv/lib/python3.11/site-packages/neuralprophet/data/process.py:496: FutureWarning: DataFrameGroupBy.apply operated on the grouping columns. This behavior is deprecated, and in a future version of pandas the grouping columns will be excluded from the operation. Either pass `include_groups=False` to exclude the groupings or explicitly select the grouping columns after groupby to silence this warning.
  df_grouped = df.groupby("ID").apply(lambda x: x.set_index("ds").resample(freq).asfreq()).drop(columns=["ID"])

WARNING - (py.warnings._showwarnmsg) - /home/moazzam/Documents/Windows/VS Code/Python/Research/Weather Forecasting - Experiments/venv/lib/python3.11/site-packages/neuralprophet/data/process.py:507: FutureWarning: DataFrameGroupBy.apply operated on the grouping columns. This behavior is deprecated, and in a future version of pandas the grouping columns will be excluded from the operation. Either pass `include_groups=False` to exclude the groupings or explicitly select the grouping columns after groupby to silence this warning.
  df_dropped = df.groupby("ID", group_keys=False).apply(lambda x: x.loc[: last_valid_index[x.name]])

WARNING - (py.warnings._showwarnmsg) - /home/moazzam/Documents/Windows/VS Code/Python/Research/Weather Forecasting - Experiments/venv/lib/python3.11/site-packages/neuralprophet/data/process.py:517: FutureWarning: DataFrameGroupBy.apply operated on the grouping columns. This behavior is deprecated, and in a future version of pandas the grouping columns will be excluded from the operation. Either pass `include_groups=False` to exclude the groupings or explicitly select the grouping columns after groupby to silence this warning.
  df_dropped = df.groupby("ID", group_keys=False).apply(lambda x: x.loc[: last_valid_index[x.name]])

WARNING - (py.warnings._showwarnmsg) - /home/moazzam/Documents/Windows/VS Code/Python/Research/Weather Forecasting - Experiments/venv/lib/python3.11/site-packages/neuralprophet/data/process.py:522: FutureWarning: DataFrameGroupBy.apply operated on the grouping columns. This behavior is deprecated, and in a future version of pandas the grouping columns will be excluded from the operation. Either pass `include_groups=False` to exclude the groupings or explicitly select the grouping columns after groupby to silence this warning.
  df_to_add = df.groupby("ID", group_keys=False).apply(lambda x: x.loc[last_valid_index[x.name] + 1 :])

ok
test_masks_and_target_isolation_at_partially_observed_origin (test_coverage.CoverageTests.test_masks_and_target_isolation_at_partially_observed_origin) ... ok
test_missing_initial_history_rejected (test_coverage.CoverageTests.test_missing_initial_history_rejected) ... ok
test_partial_week_pooled_and_weekly_means_differ (test_coverage.CoverageTests.test_partial_week_pooled_and_weekly_means_differ) ... ok
test_persistence_uses_last_genuine_observation_despite_trailing_gap (test_coverage.CoverageTests.test_persistence_uses_last_genuine_observation_despite_trailing_gap) ... ok
test_schedule_retains_23_origins_and_observed_hours (test_coverage.CoverageTests.test_schedule_retains_23_origins_and_observed_hours) ... ok
test_only_four_named_pollutant_cells_become_missing (test_invalid_inputs.InvalidInputTests.test_only_four_named_pollutant_cells_become_missing) ... ok
test_scaling_episodes_and_test_coverage_change_as_expected (test_invalid_inputs.InvalidInputTests.test_scaling_episodes_and_test_coverage_change_as_expected) ... ok
test_neural_origin_uses_scaled_history_and_future_without_future_y (test_phase2.Phase2Tests.test_neural_origin_uses_scaled_history_and_future_without_future_y) ... ok
test_saved_stream_rejects_wrong_week_and_false_observation_mask (test_phase2.Phase2Tests.test_saved_stream_rejects_wrong_week_and_false_observation_mask) ... ok
test_validation_grid_has_all_bounded_candidates (test_phase2.Phase2Tests.test_validation_grid_has_all_bounded_candidates) ... ok
test_weekly_rows_rejects_missing_score_target (test_phase2.Phase2Tests.test_weekly_rows_rejects_missing_score_target) ... ok
test_bias_is_applied_before_current_outcomes_update_it (test_protocol.ProtocolTests.test_bias_is_applied_before_current_outcomes_update_it) ... ok
test_duplicate_origins_and_nonfinite_predictions_are_errors (test_protocol.ProtocolTests.test_duplicate_origins_and_nonfinite_predictions_are_errors) ... ok
test_future_targets_never_enter_predictor_input (test_protocol.ProtocolTests.test_future_targets_never_enter_predictor_input) ... ok
test_hourly_calendar_preserves_all_original_values (test_protocol.ProtocolTests.test_hourly_calendar_preserves_all_original_values) ... ok
test_neural_training_segments_never_bridge_or_fill_gaps (test_protocol.ProtocolTests.test_neural_training_segments_never_bridge_or_fill_gaps) ... ok
test_persistence_repeats_history_only (test_protocol.ProtocolTests.test_persistence_repeats_history_only) ... ok
test_raw_forecast_extracts_one_origin_and_all_leads (test_protocol.ProtocolTests.test_raw_forecast_extracts_one_origin_and_all_leads) ... ok
test_scaling_and_clipping_ignore_future_values (test_protocol.ProtocolTests.test_scaling_and_clipping_ignore_future_values) ... ok
test_strict_shared_coverage (test_protocol.ProtocolTests.test_strict_shared_coverage) ... ok
test_unavailable_pp_covariates_cannot_be_silently_filled (test_protocol.ProtocolTests.test_unavailable_pp_covariates_cannot_be_silently_filled) ... ok

----------------------------------------------------------------------
Ran 24 tests in 23.930s

OK
