Importing plotly failed. Interactive plots will not work.
Importing plotly failed. Interactive plots will not work.
WARNING - (py.warnings._showwarnmsg) - /home/moazzam/Documents/Windows/VS Code/Python/Research/Weather Forecasting - Experiments/venv/lib/python3.11/site-packages/neuralprophet/df_utils.py:464: FutureWarning: DataFrameGroupBy.apply operated on the grouping columns. This behavior is deprecated, and in a future version of pandas the grouping columns will be excluded from the operation. Either pass `include_groups=False` to exclude the groupings or explicitly select the grouping columns after groupby to silence this warning.
  if df.groupby("ID").apply(lambda x: x.duplicated("ds").any()).any():

WARNING - (py.warnings._showwarnmsg) - /home/moazzam/Documents/Windows/VS Code/Python/Research/Weather Forecasting - Experiments/venv/lib/python3.11/site-packages/neuralprophet/df_utils.py:1152: FutureWarning: Series.view is deprecated and will be removed in a future version. Use ``astype`` as an alternative to change the dtype.
  converted_ds = pd.to_datetime(ds_col, utc=True).view(dtype=np.int64)

WARNING - (py.warnings._showwarnmsg) - /home/moazzam/Documents/Windows/VS Code/Python/Research/Weather Forecasting - Experiments/venv/lib/python3.11/site-packages/neuralprophet/df_utils.py:1152: FutureWarning: Series.view is deprecated and will be removed in a future version. Use ``astype`` as an alternative to change the dtype.
  converted_ds = pd.to_datetime(ds_col, utc=True).view(dtype=np.int64)

WARNING - (py.warnings._showwarnmsg) - /home/moazzam/Documents/Windows/VS Code/Python/Research/Weather Forecasting - Experiments/venv/lib/python3.11/site-packages/neuralprophet/df_utils.py:1152: FutureWarning: Series.view is deprecated and will be removed in a future version. Use ``astype`` as an alternative to change the dtype.
  converted_ds = pd.to_datetime(ds_col, utc=True).view(dtype=np.int64)

WARNING - (py.warnings._showwarnmsg) - /home/moazzam/Documents/Windows/VS Code/Python/Research/Weather Forecasting - Experiments/venv/lib/python3.11/site-packages/neuralprophet/df_utils.py:1152: FutureWarning: Series.view is deprecated and will be removed in a future version. Use ``astype`` as an alternative to change the dtype.
  converted_ds = pd.to_datetime(ds_col, utc=True).view(dtype=np.int64)

WARNING - (py.warnings._showwarnmsg) - /home/moazzam/Documents/Windows/VS Code/Python/Research/Weather Forecasting - Experiments/venv/lib/python3.11/site-packages/neuralprophet/df_utils.py:1152: FutureWarning: Series.view is deprecated and will be removed in a future version. Use ``astype`` as an alternative to change the dtype.
  converted_ds = pd.to_datetime(ds_col, utc=True).view(dtype=np.int64)

WARNING - (py.warnings._showwarnmsg) - /home/moazzam/Documents/Windows/VS Code/Python/Research/Weather Forecasting - Experiments/venv/lib/python3.11/site-packages/neuralprophet/df_utils.py:1152: FutureWarning: Series.view is deprecated and will be removed in a future version. Use ``astype`` as an alternative to change the dtype.
  converted_ds = pd.to_datetime(ds_col, utc=True).view(dtype=np.int64)

WARNING - (py.warnings._showwarnmsg) - /home/moazzam/Documents/Windows/VS Code/Python/Research/Weather Forecasting - Experiments/venv/lib/python3.11/site-packages/neuralprophet/df_utils.py:1152: FutureWarning: Series.view is deprecated and will be removed in a future version. Use ``astype`` as an alternative to change the dtype.
  converted_ds = pd.to_datetime(ds_col, utc=True).view(dtype=np.int64)

WARNING - (py.warnings._showwarnmsg) - /home/moazzam/Documents/Windows/VS Code/Python/Research/Weather Forecasting - Experiments/venv/lib/python3.11/site-packages/neuralprophet/df_utils.py:1152: FutureWarning: Series.view is deprecated and will be removed in a future version. Use ``astype`` as an alternative to change the dtype.
  converted_ds = pd.to_datetime(ds_col, utc=True).view(dtype=np.int64)

WARNING - (py.warnings._showwarnmsg) - /home/moazzam/Documents/Windows/VS Code/Python/Research/Weather Forecasting - Experiments/venv/lib/python3.11/site-packages/neuralprophet/df_utils.py:1152: FutureWarning: Series.view is deprecated and will be removed in a future version. Use ``astype`` as an alternative to change the dtype.
  converted_ds = pd.to_datetime(ds_col, utc=True).view(dtype=np.int64)

WARNING - (py.warnings._showwarnmsg) - /home/moazzam/Documents/Windows/VS Code/Python/Research/Weather Forecasting - Experiments/venv/lib/python3.11/site-packages/neuralprophet/df_utils.py:1152: FutureWarning: Series.view is deprecated and will be removed in a future version. Use ``astype`` as an alternative to change the dtype.
  converted_ds = pd.to_datetime(ds_col, utc=True).view(dtype=np.int64)

WARNING - (py.warnings._showwarnmsg) - /home/moazzam/Documents/Windows/VS Code/Python/Research/Weather Forecasting - Experiments/venv/lib/python3.11/site-packages/neuralprophet/df_utils.py:1152: FutureWarning: Series.view is deprecated and will be removed in a future version. Use ``astype`` as an alternative to change the dtype.
  converted_ds = pd.to_datetime(ds_col, utc=True).view(dtype=np.int64)

WARNING - (py.warnings._showwarnmsg) - /home/moazzam/Documents/Windows/VS Code/Python/Research/Weather Forecasting - Experiments/venv/lib/python3.11/site-packages/neuralprophet/df_utils.py:1152: FutureWarning: Series.view is deprecated and will be removed in a future version. Use ``astype`` as an alternative to change the dtype.
  converted_ds = pd.to_datetime(ds_col, utc=True).view(dtype=np.int64)

WARNING - (py.warnings._showwarnmsg) - /home/moazzam/Documents/Windows/VS Code/Python/Research/Weather Forecasting - Experiments/venv/lib/python3.11/site-packages/neuralprophet/df_utils.py:1152: FutureWarning: Series.view is deprecated and will be removed in a future version. Use ``astype`` as an alternative to change the dtype.
  converted_ds = pd.to_datetime(ds_col, utc=True).view(dtype=np.int64)

WARNING - (py.warnings._showwarnmsg) - /home/moazzam/Documents/Windows/VS Code/Python/Research/Weather Forecasting - Experiments/venv/lib/python3.11/site-packages/neuralprophet/df_utils.py:1152: FutureWarning: Series.view is deprecated and will be removed in a future version. Use ``astype`` as an alternative to change the dtype.
  converted_ds = pd.to_datetime(ds_col, utc=True).view(dtype=np.int64)

WARNING - (py.warnings._showwarnmsg) - /home/moazzam/Documents/Windows/VS Code/Python/Research/Weather Forecasting - Experiments/venv/lib/python3.11/site-packages/neuralprophet/df_utils.py:1152: FutureWarning: Series.view is deprecated and will be removed in a future version. Use ``astype`` as an alternative to change the dtype.
  converted_ds = pd.to_datetime(ds_col, utc=True).view(dtype=np.int64)

WARNING - (py.warnings._showwarnmsg) - /home/moazzam/Documents/Windows/VS Code/Python/Research/Weather Forecasting - Experiments/venv/lib/python3.11/site-packages/neuralprophet/df_utils.py:1152: FutureWarning: Series.view is deprecated and will be removed in a future version. Use ``astype`` as an alternative to change the dtype.
  converted_ds = pd.to_datetime(ds_col, utc=True).view(dtype=np.int64)

WARNING - (py.warnings._showwarnmsg) - /home/moazzam/Documents/Windows/VS Code/Python/Research/Weather Forecasting - Experiments/venv/lib/python3.11/site-packages/neuralprophet/df_utils.py:1152: FutureWarning: Series.view is deprecated and will be removed in a future version. Use ``astype`` as an alternative to change the dtype.
  converted_ds = pd.to_datetime(ds_col, utc=True).view(dtype=np.int64)

WARNING - (py.warnings._showwarnmsg) - /home/moazzam/Documents/Windows/VS Code/Python/Research/Weather Forecasting - Experiments/venv/lib/python3.11/site-packages/neuralprophet/df_utils.py:1152: FutureWarning: Series.view is deprecated and will be removed in a future version. Use ``astype`` as an alternative to change the dtype.
  converted_ds = pd.to_datetime(ds_col, utc=True).view(dtype=np.int64)

WARNING - (py.warnings._showwarnmsg) - /home/moazzam/Documents/Windows/VS Code/Python/Research/Weather Forecasting - Experiments/venv/lib/python3.11/site-packages/neuralprophet/df_utils.py:1152: FutureWarning: Series.view is deprecated and will be removed in a future version. Use ``astype`` as an alternative to change the dtype.
  converted_ds = pd.to_datetime(ds_col, utc=True).view(dtype=np.int64)

WARNING - (py.warnings._showwarnmsg) - /home/moazzam/Documents/Windows/VS Code/Python/Research/Weather Forecasting - Experiments/venv/lib/python3.11/site-packages/neuralprophet/df_utils.py:1152: FutureWarning: Series.view is deprecated and will be removed in a future version. Use ``astype`` as an alternative to change the dtype.
  converted_ds = pd.to_datetime(ds_col, utc=True).view(dtype=np.int64)

WARNING - (py.warnings._showwarnmsg) - /home/moazzam/Documents/Windows/VS Code/Python/Research/Weather Forecasting - Experiments/venv/lib/python3.11/site-packages/neuralprophet/df_utils.py:1152: FutureWarning: Series.view is deprecated and will be removed in a future version. Use ``astype`` as an alternative to change the dtype.
  converted_ds = pd.to_datetime(ds_col, utc=True).view(dtype=np.int64)

WARNING - (py.warnings._showwarnmsg) - /home/moazzam/Documents/Windows/VS Code/Python/Research/Weather Forecasting - Experiments/venv/lib/python3.11/site-packages/neuralprophet/df_utils.py:1152: FutureWarning: Series.view is deprecated and will be removed in a future version. Use ``astype`` as an alternative to change the dtype.
  converted_ds = pd.to_datetime(ds_col, utc=True).view(dtype=np.int64)

WARNING - (py.warnings._showwarnmsg) - /home/moazzam/Documents/Windows/VS Code/Python/Research/Weather Forecasting - Experiments/venv/lib/python3.11/site-packages/neuralprophet/df_utils.py:1152: FutureWarning: Series.view is deprecated and will be removed in a future version. Use ``astype`` as an alternative to change the dtype.
  converted_ds = pd.to_datetime(ds_col, utc=True).view(dtype=np.int64)

WARNING - (py.warnings._showwarnmsg) - /home/moazzam/Documents/Windows/VS Code/Python/Research/Weather Forecasting - Experiments/venv/lib/python3.11/site-packages/neuralprophet/df_utils.py:1152: FutureWarning: Series.view is deprecated and will be removed in a future version. Use ``astype`` as an alternative to change the dtype.
  converted_ds = pd.to_datetime(ds_col, utc=True).view(dtype=np.int64)

WARNING - (py.warnings._showwarnmsg) - /home/moazzam/Documents/Windows/VS Code/Python/Research/Weather Forecasting - Experiments/venv/lib/python3.11/site-packages/neuralprophet/df_utils.py:1152: FutureWarning: Series.view is deprecated and will be removed in a future version. Use ``astype`` as an alternative to change the dtype.
  converted_ds = pd.to_datetime(ds_col, utc=True).view(dtype=np.int64)

WARNING - (py.warnings._showwarnmsg) - /home/moazzam/Documents/Windows/VS Code/Python/Research/Weather Forecasting - Experiments/venv/lib/python3.11/site-packages/neuralprophet/df_utils.py:1152: FutureWarning: Series.view is deprecated and will be removed in a future version. Use ``astype`` as an alternative to change the dtype.
  converted_ds = pd.to_datetime(ds_col, utc=True).view(dtype=np.int64)

WARNING - (py.warnings._showwarnmsg) - /home/moazzam/Documents/Windows/VS Code/Python/Research/Weather Forecasting - Experiments/venv/lib/python3.11/site-packages/neuralprophet/df_utils.py:1152: FutureWarning: Series.view is deprecated and will be removed in a future version. Use ``astype`` as an alternative to change the dtype.
  converted_ds = pd.to_datetime(ds_col, utc=True).view(dtype=np.int64)

WARNING - (py.warnings._showwarnmsg) - /home/moazzam/Documents/Windows/VS Code/Python/Research/Weather Forecasting - Experiments/venv/lib/python3.11/site-packages/neuralprophet/df_utils.py:1152: FutureWarning: Series.view is deprecated and will be removed in a future version. Use ``astype`` as an alternative to change the dtype.
  converted_ds = pd.to_datetime(ds_col, utc=True).view(dtype=np.int64)

WARNING - (py.warnings._showwarnmsg) - /home/moazzam/Documents/Windows/VS Code/Python/Research/Weather Forecasting - Experiments/venv/lib/python3.11/site-packages/neuralprophet/df_utils.py:1152: FutureWarning: Series.view is deprecated and will be removed in a future version. Use ``astype`` as an alternative to change the dtype.
  converted_ds = pd.to_datetime(ds_col, utc=True).view(dtype=np.int64)

WARNING - (py.warnings._showwarnmsg) - /home/moazzam/Documents/Windows/VS Code/Python/Research/Weather Forecasting - Experiments/venv/lib/python3.11/site-packages/neuralprophet/df_utils.py:1152: FutureWarning: Series.view is deprecated and will be removed in a future version. Use ``astype`` as an alternative to change the dtype.
  converted_ds = pd.to_datetime(ds_col, utc=True).view(dtype=np.int64)

WARNING - (py.warnings._showwarnmsg) - /home/moazzam/Documents/Windows/VS Code/Python/Research/Weather Forecasting - Experiments/venv/lib/python3.11/site-packages/neuralprophet/df_utils.py:1152: FutureWarning: Series.view is deprecated and will be removed in a future version. Use ``astype`` as an alternative to change the dtype.
  converted_ds = pd.to_datetime(ds_col, utc=True).view(dtype=np.int64)

WARNING - (py.warnings._showwarnmsg) - /home/moazzam/Documents/Windows/VS Code/Python/Research/Weather Forecasting - Experiments/venv/lib/python3.11/site-packages/neuralprophet/df_utils.py:1152: FutureWarning: Series.view is deprecated and will be removed in a future version. Use ``astype`` as an alternative to change the dtype.
  converted_ds = pd.to_datetime(ds_col, utc=True).view(dtype=np.int64)

WARNING - (py.warnings._showwarnmsg) - /home/moazzam/Documents/Windows/VS Code/Python/Research/Weather Forecasting - Experiments/venv/lib/python3.11/site-packages/neuralprophet/df_utils.py:1152: FutureWarning: Series.view is deprecated and will be removed in a future version. Use ``astype`` as an alternative to change the dtype.
  converted_ds = pd.to_datetime(ds_col, utc=True).view(dtype=np.int64)

WARNING - (py.warnings._showwarnmsg) - /home/moazzam/Documents/Windows/VS Code/Python/Research/Weather Forecasting - Experiments/venv/lib/python3.11/site-packages/neuralprophet/df_utils.py:1152: FutureWarning: Series.view is deprecated and will be removed in a future version. Use ``astype`` as an alternative to change the dtype.
  converted_ds = pd.to_datetime(ds_col, utc=True).view(dtype=np.int64)

WARNING - (py.warnings._showwarnmsg) - /home/moazzam/Documents/Windows/VS Code/Python/Research/Weather Forecasting - Experiments/venv/lib/python3.11/site-packages/neuralprophet/df_utils.py:1152: FutureWarning: Series.view is deprecated and will be removed in a future version. Use ``astype`` as an alternative to change the dtype.
  converted_ds = pd.to_datetime(ds_col, utc=True).view(dtype=np.int64)

WARNING - (py.warnings._showwarnmsg) - /home/moazzam/Documents/Windows/VS Code/Python/Research/Weather Forecasting - Experiments/venv/lib/python3.11/site-packages/neuralprophet/df_utils.py:1152: FutureWarning: Series.view is deprecated and will be removed in a future version. Use ``astype`` as an alternative to change the dtype.
  converted_ds = pd.to_datetime(ds_col, utc=True).view(dtype=np.int64)

WARNING - (py.warnings._showwarnmsg) - /home/moazzam/Documents/Windows/VS Code/Python/Research/Weather Forecasting - Experiments/venv/lib/python3.11/site-packages/neuralprophet/df_utils.py:1152: FutureWarning: Series.view is deprecated and will be removed in a future version. Use ``astype`` as an alternative to change the dtype.
  converted_ds = pd.to_datetime(ds_col, utc=True).view(dtype=np.int64)

WARNING - (py.warnings._showwarnmsg) - /home/moazzam/Documents/Windows/VS Code/Python/Research/Weather Forecasting - Experiments/venv/lib/python3.11/site-packages/neuralprophet/df_utils.py:1152: FutureWarning: Series.view is deprecated and will be removed in a future version. Use ``astype`` as an alternative to change the dtype.
  converted_ds = pd.to_datetime(ds_col, utc=True).view(dtype=np.int64)

WARNING - (py.warnings._showwarnmsg) - /home/moazzam/Documents/Windows/VS Code/Python/Research/Weather Forecasting - Experiments/venv/lib/python3.11/site-packages/neuralprophet/df_utils.py:1152: FutureWarning: Series.view is deprecated and will be removed in a future version. Use ``astype`` as an alternative to change the dtype.
  converted_ds = pd.to_datetime(ds_col, utc=True).view(dtype=np.int64)

WARNING - (py.warnings._showwarnmsg) - /home/moazzam/Documents/Windows/VS Code/Python/Research/Weather Forecasting - Experiments/venv/lib/python3.11/site-packages/neuralprophet/df_utils.py:1152: FutureWarning: Series.view is deprecated and will be removed in a future version. Use ``astype`` as an alternative to change the dtype.
  converted_ds = pd.to_datetime(ds_col, utc=True).view(dtype=np.int64)

WARNING - (py.warnings._showwarnmsg) - /home/moazzam/Documents/Windows/VS Code/Python/Research/Weather Forecasting - Experiments/venv/lib/python3.11/site-packages/neuralprophet/df_utils.py:1152: FutureWarning: Series.view is deprecated and will be removed in a future version. Use ``astype`` as an alternative to change the dtype.
  converted_ds = pd.to_datetime(ds_col, utc=True).view(dtype=np.int64)

WARNING - (py.warnings._showwarnmsg) - /home/moazzam/Documents/Windows/VS Code/Python/Research/Weather Forecasting - Experiments/venv/lib/python3.11/site-packages/neuralprophet/df_utils.py:1152: FutureWarning: Series.view is deprecated and will be removed in a future version. Use ``astype`` as an alternative to change the dtype.
  converted_ds = pd.to_datetime(ds_col, utc=True).view(dtype=np.int64)

WARNING - (py.warnings._showwarnmsg) - /home/moazzam/Documents/Windows/VS Code/Python/Research/Weather Forecasting - Experiments/venv/lib/python3.11/site-packages/neuralprophet/df_utils.py:1152: FutureWarning: Series.view is deprecated and will be removed in a future version. Use ``astype`` as an alternative to change the dtype.
  converted_ds = pd.to_datetime(ds_col, utc=True).view(dtype=np.int64)

WARNING - (py.warnings._showwarnmsg) - /home/moazzam/Documents/Windows/VS Code/Python/Research/Weather Forecasting - Experiments/venv/lib/python3.11/site-packages/neuralprophet/df_utils.py:1152: FutureWarning: Series.view is deprecated and will be removed in a future version. Use ``astype`` as an alternative to change the dtype.
  converted_ds = pd.to_datetime(ds_col, utc=True).view(dtype=np.int64)

WARNING - (py.warnings._showwarnmsg) - /home/moazzam/Documents/Windows/VS Code/Python/Research/Weather Forecasting - Experiments/venv/lib/python3.11/site-packages/neuralprophet/df_utils.py:1152: FutureWarning: Series.view is deprecated and will be removed in a future version. Use ``astype`` as an alternative to change the dtype.
  converted_ds = pd.to_datetime(ds_col, utc=True).view(dtype=np.int64)

WARNING - (py.warnings._showwarnmsg) - /home/moazzam/Documents/Windows/VS Code/Python/Research/Weather Forecasting - Experiments/venv/lib/python3.11/site-packages/neuralprophet/df_utils.py:1152: FutureWarning: Series.view is deprecated and will be removed in a future version. Use ``astype`` as an alternative to change the dtype.
  converted_ds = pd.to_datetime(ds_col, utc=True).view(dtype=np.int64)

WARNING - (py.warnings._showwarnmsg) - /home/moazzam/Documents/Windows/VS Code/Python/Research/Weather Forecasting - Experiments/venv/lib/python3.11/site-packages/neuralprophet/df_utils.py:1152: FutureWarning: Series.view is deprecated and will be removed in a future version. Use ``astype`` as an alternative to change the dtype.
  converted_ds = pd.to_datetime(ds_col, utc=True).view(dtype=np.int64)

WARNING - (py.warnings._showwarnmsg) - /home/moazzam/Documents/Windows/VS Code/Python/Research/Weather Forecasting - Experiments/venv/lib/python3.11/site-packages/neuralprophet/df_utils.py:1152: FutureWarning: Series.view is deprecated and will be removed in a future version. Use ``astype`` as an alternative to change the dtype.
  converted_ds = pd.to_datetime(ds_col, utc=True).view(dtype=np.int64)

WARNING - (py.warnings._showwarnmsg) - /home/moazzam/Documents/Windows/VS Code/Python/Research/Weather Forecasting - Experiments/venv/lib/python3.11/site-packages/neuralprophet/data/process.py:496: FutureWarning: DataFrameGroupBy.apply operated on the grouping columns. This behavior is deprecated, and in a future version of pandas the grouping columns will be excluded from the operation. Either pass `include_groups=False` to exclude the groupings or explicitly select the grouping columns after groupby to silence this warning.
  df_grouped = df.groupby("ID").apply(lambda x: x.set_index("ds").resample(freq).asfreq()).drop(columns=["ID"])

WARNING - (py.warnings._showwarnmsg) - /home/moazzam/Documents/Windows/VS Code/Python/Research/Weather Forecasting - Experiments/venv/lib/python3.11/site-packages/neuralprophet/data/process.py:507: FutureWarning: DataFrameGroupBy.apply operated on the grouping columns. This behavior is deprecated, and in a future version of pandas the grouping columns will be excluded from the operation. Either pass `include_groups=False` to exclude the groupings or explicitly select the grouping columns after groupby to silence this warning.
  df_dropped = df.groupby("ID", group_keys=False).apply(lambda x: x.loc[: last_valid_index[x.name]])

WARNING - (py.warnings._showwarnmsg) - /home/moazzam/Documents/Windows/VS Code/Python/Research/Weather Forecasting - Experiments/venv/lib/python3.11/site-packages/google/protobuf/runtime_version.py:98: UserWarning: Protobuf gencode version 5.28.3 is exactly one major version older than the runtime version 6.31.1 at tensorflow/core/framework/attr_value.proto. Please update the gencode to avoid compatibility violations in the next runtime release.
  warnings.warn(

WARNING - (py.warnings._showwarnmsg) - /home/moazzam/Documents/Windows/VS Code/Python/Research/Weather Forecasting - Experiments/venv/lib/python3.11/site-packages/google/protobuf/runtime_version.py:98: UserWarning: Protobuf gencode version 5.28.3 is exactly one major version older than the runtime version 6.31.1 at tensorflow/core/framework/tensor.proto. Please update the gencode to avoid compatibility violations in the next runtime release.
  warnings.warn(

WARNING - (py.warnings._showwarnmsg) - /home/moazzam/Documents/Windows/VS Code/Python/Research/Weather Forecasting - Experiments/venv/lib/python3.11/site-packages/google/protobuf/runtime_version.py:98: UserWarning: Protobuf gencode version 5.28.3 is exactly one major version older than the runtime version 6.31.1 at tensorflow/core/framework/resource_handle.proto. Please update the gencode to avoid compatibility violations in the next runtime release.
  warnings.warn(

WARNING - (py.warnings._showwarnmsg) - /home/moazzam/Documents/Windows/VS Code/Python/Research/Weather Forecasting - Experiments/venv/lib/python3.11/site-packages/google/protobuf/runtime_version.py:98: UserWarning: Protobuf gencode version 5.28.3 is exactly one major version older than the runtime version 6.31.1 at tensorflow/core/framework/tensor_shape.proto. Please update the gencode to avoid compatibility violations in the next runtime release.
  warnings.warn(

WARNING - (py.warnings._showwarnmsg) - /home/moazzam/Documents/Windows/VS Code/Python/Research/Weather Forecasting - Experiments/venv/lib/python3.11/site-packages/google/protobuf/runtime_version.py:98: UserWarning: Protobuf gencode version 5.28.3 is exactly one major version older than the runtime version 6.31.1 at tensorflow/core/framework/types.proto. Please update the gencode to avoid compatibility violations in the next runtime release.
  warnings.warn(

WARNING - (py.warnings._showwarnmsg) - /home/moazzam/Documents/Windows/VS Code/Python/Research/Weather Forecasting - Experiments/venv/lib/python3.11/site-packages/google/protobuf/runtime_version.py:98: UserWarning: Protobuf gencode version 5.28.3 is exactly one major version older than the runtime version 6.31.1 at tensorflow/core/framework/full_type.proto. Please update the gencode to avoid compatibility violations in the next runtime release.
  warnings.warn(

WARNING - (py.warnings._showwarnmsg) - /home/moazzam/Documents/Windows/VS Code/Python/Research/Weather Forecasting - Experiments/venv/lib/python3.11/site-packages/google/protobuf/runtime_version.py:98: UserWarning: Protobuf gencode version 5.28.3 is exactly one major version older than the runtime version 6.31.1 at tensorflow/core/framework/function.proto. Please update the gencode to avoid compatibility violations in the next runtime release.
  warnings.warn(

WARNING - (py.warnings._showwarnmsg) - /home/moazzam/Documents/Windows/VS Code/Python/Research/Weather Forecasting - Experiments/venv/lib/python3.11/site-packages/google/protobuf/runtime_version.py:98: UserWarning: Protobuf gencode version 5.28.3 is exactly one major version older than the runtime version 6.31.1 at tensorflow/core/framework/node_def.proto. Please update the gencode to avoid compatibility violations in the next runtime release.
  warnings.warn(

WARNING - (py.warnings._showwarnmsg) - /home/moazzam/Documents/Windows/VS Code/Python/Research/Weather Forecasting - Experiments/venv/lib/python3.11/site-packages/google/protobuf/runtime_version.py:98: UserWarning: Protobuf gencode version 5.28.3 is exactly one major version older than the runtime version 6.31.1 at tensorflow/core/framework/op_def.proto. Please update the gencode to avoid compatibility violations in the next runtime release.
  warnings.warn(

WARNING - (py.warnings._showwarnmsg) - /home/moazzam/Documents/Windows/VS Code/Python/Research/Weather Forecasting - Experiments/venv/lib/python3.11/site-packages/google/protobuf/runtime_version.py:98: UserWarning: Protobuf gencode version 5.28.3 is exactly one major version older than the runtime version 6.31.1 at tensorflow/core/framework/graph.proto. Please update the gencode to avoid compatibility violations in the next runtime release.
  warnings.warn(

WARNING - (py.warnings._showwarnmsg) - /home/moazzam/Documents/Windows/VS Code/Python/Research/Weather Forecasting - Experiments/venv/lib/python3.11/site-packages/google/protobuf/runtime_version.py:98: UserWarning: Protobuf gencode version 5.28.3 is exactly one major version older than the runtime version 6.31.1 at tensorflow/core/framework/graph_debug_info.proto. Please update the gencode to avoid compatibility violations in the next runtime release.
  warnings.warn(

WARNING - (py.warnings._showwarnmsg) - /home/moazzam/Documents/Windows/VS Code/Python/Research/Weather Forecasting - Experiments/venv/lib/python3.11/site-packages/google/protobuf/runtime_version.py:98: UserWarning: Protobuf gencode version 5.28.3 is exactly one major version older than the runtime version 6.31.1 at tensorflow/core/framework/versions.proto. Please update the gencode to avoid compatibility violations in the next runtime release.
  warnings.warn(

WARNING - (py.warnings._showwarnmsg) - /home/moazzam/Documents/Windows/VS Code/Python/Research/Weather Forecasting - Experiments/venv/lib/python3.11/site-packages/google/protobuf/runtime_version.py:98: UserWarning: Protobuf gencode version 5.28.3 is exactly one major version older than the runtime version 6.31.1 at tensorflow/core/protobuf/config.proto. Please update the gencode to avoid compatibility violations in the next runtime release.
  warnings.warn(

WARNING - (py.warnings._showwarnmsg) - /home/moazzam/Documents/Windows/VS Code/Python/Research/Weather Forecasting - Experiments/venv/lib/python3.11/site-packages/google/protobuf/runtime_version.py:98: UserWarning: Protobuf gencode version 5.28.3 is exactly one major version older than the runtime version 6.31.1 at xla/tsl/protobuf/coordination_config.proto. Please update the gencode to avoid compatibility violations in the next runtime release.
  warnings.warn(

WARNING - (py.warnings._showwarnmsg) - /home/moazzam/Documents/Windows/VS Code/Python/Research/Weather Forecasting - Experiments/venv/lib/python3.11/site-packages/google/protobuf/runtime_version.py:98: UserWarning: Protobuf gencode version 5.28.3 is exactly one major version older than the runtime version 6.31.1 at tensorflow/core/framework/cost_graph.proto. Please update the gencode to avoid compatibility violations in the next runtime release.
  warnings.warn(

WARNING - (py.warnings._showwarnmsg) - /home/moazzam/Documents/Windows/VS Code/Python/Research/Weather Forecasting - Experiments/venv/lib/python3.11/site-packages/google/protobuf/runtime_version.py:98: UserWarning: Protobuf gencode version 5.28.3 is exactly one major version older than the runtime version 6.31.1 at tensorflow/core/framework/step_stats.proto. Please update the gencode to avoid compatibility violations in the next runtime release.
  warnings.warn(

WARNING - (py.warnings._showwarnmsg) - /home/moazzam/Documents/Windows/VS Code/Python/Research/Weather Forecasting - Experiments/venv/lib/python3.11/site-packages/google/protobuf/runtime_version.py:98: UserWarning: Protobuf gencode version 5.28.3 is exactly one major version older than the runtime version 6.31.1 at tensorflow/core/framework/allocation_description.proto. Please update the gencode to avoid compatibility violations in the next runtime release.
  warnings.warn(

WARNING - (py.warnings._showwarnmsg) - /home/moazzam/Documents/Windows/VS Code/Python/Research/Weather Forecasting - Experiments/venv/lib/python3.11/site-packages/google/protobuf/runtime_version.py:98: UserWarning: Protobuf gencode version 5.28.3 is exactly one major version older than the runtime version 6.31.1 at tensorflow/core/framework/tensor_description.proto. Please update the gencode to avoid compatibility violations in the next runtime release.
  warnings.warn(

WARNING - (py.warnings._showwarnmsg) - /home/moazzam/Documents/Windows/VS Code/Python/Research/Weather Forecasting - Experiments/venv/lib/python3.11/site-packages/google/protobuf/runtime_version.py:98: UserWarning: Protobuf gencode version 5.28.3 is exactly one major version older than the runtime version 6.31.1 at tensorflow/core/protobuf/cluster.proto. Please update the gencode to avoid compatibility violations in the next runtime release.
  warnings.warn(

WARNING - (py.warnings._showwarnmsg) - /home/moazzam/Documents/Windows/VS Code/Python/Research/Weather Forecasting - Experiments/venv/lib/python3.11/site-packages/google/protobuf/runtime_version.py:98: UserWarning: Protobuf gencode version 5.28.3 is exactly one major version older than the runtime version 6.31.1 at tensorflow/core/protobuf/debug.proto. Please update the gencode to avoid compatibility violations in the next runtime release.
  warnings.warn(

WARNING - (py.warnings._showwarnmsg) - /home/moazzam/Documents/Windows/VS Code/Python/Research/Weather Forecasting - Experiments/venv/lib/python3.11/site-packages/pytorch_lightning/utilities/data.py:79: Trying to infer the `batch_size` from an ambiguous collection. The batch size we found is 128. To avoid any miscalculations, use `self.log(..., batch_size=batch_size)`.

WARNING - (py.warnings._showwarnmsg) - /home/moazzam/Documents/Windows/VS Code/Python/Research/Weather Forecasting - Experiments/venv/lib/python3.11/site-packages/pytorch_lightning/utilities/data.py:79: Trying to infer the `batch_size` from an ambiguous collection. The batch size we found is 56. To avoid any miscalculations, use `self.log(..., batch_size=batch_size)`.

WARNING - (py.warnings._showwarnmsg) - /home/moazzam/Documents/Windows/VS Code/Python/Research/Weather Forecasting - Experiments/venv/lib/python3.11/site-packages/neuralprophet/df_utils.py:1152: FutureWarning: Series.view is deprecated and will be removed in a future version. Use ``astype`` as an alternative to change the dtype.
  converted_ds = pd.to_datetime(ds_col, utc=True).view(dtype=np.int64)

WARNING - (py.warnings._showwarnmsg) - /home/moazzam/Documents/Windows/VS Code/Python/Research/Weather Forecasting - Experiments/venv/lib/python3.11/site-packages/neuralprophet/df_utils.py:1152: FutureWarning: Series.view is deprecated and will be removed in a future version. Use ``astype`` as an alternative to change the dtype.
  converted_ds = pd.to_datetime(ds_col, utc=True).view(dtype=np.int64)

WARNING - (py.warnings._showwarnmsg) - /home/moazzam/Documents/Windows/VS Code/Python/Research/Weather Forecasting - Experiments/venv/lib/python3.11/site-packages/neuralprophet/df_utils.py:1152: FutureWarning: Series.view is deprecated and will be removed in a future version. Use ``astype`` as an alternative to change the dtype.
  converted_ds = pd.to_datetime(ds_col, utc=True).view(dtype=np.int64)

WARNING - (py.warnings._showwarnmsg) - /home/moazzam/Documents/Windows/VS Code/Python/Research/Weather Forecasting - Experiments/venv/lib/python3.11/site-packages/neuralprophet/df_utils.py:464: FutureWarning: DataFrameGroupBy.apply operated on the grouping columns. This behavior is deprecated, and in a future version of pandas the grouping columns will be excluded from the operation. Either pass `include_groups=False` to exclude the groupings or explicitly select the grouping columns after groupby to silence this warning.
  if df.groupby("ID").apply(lambda x: x.duplicated("ds").any()).any():

WARNING - (py.warnings._showwarnmsg) - /home/moazzam/Documents/Windows/VS Code/Python/Research/Weather Forecasting - Experiments/venv/lib/python3.11/site-packages/neuralprophet/data/split.py:273: FutureWarning: The behavior of DataFrame concatenation with empty or all-NA entries is deprecated. In a future version, this will no longer exclude empty or all-NA columns when determining the result dtypes. To retain the old behavior, exclude the relevant entries before the concat operation.
  df = pd.concat([df, future_df])

WARNING - (py.warnings._showwarnmsg) - /home/moazzam/Documents/Windows/VS Code/Python/Research/Weather Forecasting - Experiments/venv/lib/python3.11/site-packages/neuralprophet/df_utils.py:1152: FutureWarning: Series.view is deprecated and will be removed in a future version. Use ``astype`` as an alternative to change the dtype.
  converted_ds = pd.to_datetime(ds_col, utc=True).view(dtype=np.int64)

WARNING - (py.warnings._showwarnmsg) - /home/moazzam/Documents/Windows/VS Code/Python/Research/Weather Forecasting - Experiments/venv/lib/python3.11/site-packages/neuralprophet/df_utils.py:1152: FutureWarning: Series.view is deprecated and will be removed in a future version. Use ``astype`` as an alternative to change the dtype.
  converted_ds = pd.to_datetime(ds_col, utc=True).view(dtype=np.int64)

WARNING - (py.warnings._showwarnmsg) - /home/moazzam/Documents/Windows/VS Code/Python/Research/Weather Forecasting - Experiments/venv/lib/python3.11/site-packages/neuralprophet/df_utils.py:1152: FutureWarning: Series.view is deprecated and will be removed in a future version. Use ``astype`` as an alternative to change the dtype.
  converted_ds = pd.to_datetime(ds_col, utc=True).view(dtype=np.int64)

WARNING - (py.warnings._showwarnmsg) - /home/moazzam/Documents/Windows/VS Code/Python/Research/Weather Forecasting - Experiments/venv/lib/python3.11/site-packages/neuralprophet/df_utils.py:1152: FutureWarning: Series.view is deprecated and will be removed in a future version. Use ``astype`` as an alternative to change the dtype.
  converted_ds = pd.to_datetime(ds_col, utc=True).view(dtype=np.int64)

WARNING - (py.warnings._showwarnmsg) - /home/moazzam/Documents/Windows/VS Code/Python/Research/Weather Forecasting - Experiments/venv/lib/python3.11/site-packages/neuralprophet/df_utils.py:1152: FutureWarning: Series.view is deprecated and will be removed in a future version. Use ``astype`` as an alternative to change the dtype.
  converted_ds = pd.to_datetime(ds_col, utc=True).view(dtype=np.int64)

WARNING - (py.warnings._showwarnmsg) - /home/moazzam/Documents/Windows/VS Code/Python/Research/Weather Forecasting - Experiments/venv/lib/python3.11/site-packages/neuralprophet/df_utils.py:1152: FutureWarning: Series.view is deprecated and will be removed in a future version. Use ``astype`` as an alternative to change the dtype.
  converted_ds = pd.to_datetime(ds_col, utc=True).view(dtype=np.int64)

WARNING - (py.warnings._showwarnmsg) - /home/moazzam/Documents/Windows/VS Code/Python/Research/Weather Forecasting - Experiments/venv/lib/python3.11/site-packages/neuralprophet/df_utils.py:464: FutureWarning: DataFrameGroupBy.apply operated on the grouping columns. This behavior is deprecated, and in a future version of pandas the grouping columns will be excluded from the operation. Either pass `include_groups=False` to exclude the groupings or explicitly select the grouping columns after groupby to silence this warning.
  if df.groupby("ID").apply(lambda x: x.duplicated("ds").any()).any():

WARNING - (py.warnings._showwarnmsg) - /home/moazzam/Documents/Windows/VS Code/Python/Research/Weather Forecasting - Experiments/venv/lib/python3.11/site-packages/neuralprophet/data/process.py:496: FutureWarning: DataFrameGroupBy.apply operated on the grouping columns. This behavior is deprecated, and in a future version of pandas the grouping columns will be excluded from the operation. Either pass `include_groups=False` to exclude the groupings or explicitly select the grouping columns after groupby to silence this warning.
  df_grouped = df.groupby("ID").apply(lambda x: x.set_index("ds").resample(freq).asfreq()).drop(columns=["ID"])

WARNING - (py.warnings._showwarnmsg) - /home/moazzam/Documents/Windows/VS Code/Python/Research/Weather Forecasting - Experiments/venv/lib/python3.11/site-packages/neuralprophet/data/process.py:507: FutureWarning: DataFrameGroupBy.apply operated on the grouping columns. This behavior is deprecated, and in a future version of pandas the grouping columns will be excluded from the operation. Either pass `include_groups=False` to exclude the groupings or explicitly select the grouping columns after groupby to silence this warning.
  df_dropped = df.groupby("ID", group_keys=False).apply(lambda x: x.loc[: last_valid_index[x.name]])

WARNING - (py.warnings._showwarnmsg) - /home/moazzam/Documents/Windows/VS Code/Python/Research/Weather Forecasting - Experiments/venv/lib/python3.11/site-packages/neuralprophet/data/process.py:517: FutureWarning: DataFrameGroupBy.apply operated on the grouping columns. This behavior is deprecated, and in a future version of pandas the grouping columns will be excluded from the operation. Either pass `include_groups=False` to exclude the groupings or explicitly select the grouping columns after groupby to silence this warning.
  df_dropped = df.groupby("ID", group_keys=False).apply(lambda x: x.loc[: last_valid_index[x.name]])

WARNING - (py.warnings._showwarnmsg) - /home/moazzam/Documents/Windows/VS Code/Python/Research/Weather Forecasting - Experiments/venv/lib/python3.11/site-packages/neuralprophet/data/process.py:522: FutureWarning: DataFrameGroupBy.apply operated on the grouping columns. This behavior is deprecated, and in a future version of pandas the grouping columns will be excluded from the operation. Either pass `include_groups=False` to exclude the groupings or explicitly select the grouping columns after groupby to silence this warning.
  df_to_add = df.groupby("ID", group_keys=False).apply(lambda x: x.loc[last_valid_index[x.name] + 1 :])

WARNING - (py.warnings._showwarnmsg) - /home/moazzam/Documents/Windows/VS Code/Python/Research/Weather Forecasting - Experiments/venv/lib/python3.11/site-packages/neuralprophet/df_utils.py:1152: FutureWarning: Series.view is deprecated and will be removed in a future version. Use ``astype`` as an alternative to change the dtype.
  converted_ds = pd.to_datetime(ds_col, utc=True).view(dtype=np.int64)

WARNING - (py.warnings._showwarnmsg) - /home/moazzam/Documents/Windows/VS Code/Python/Research/Weather Forecasting - Experiments/venv/lib/python3.11/site-packages/neuralprophet/df_utils.py:1152: FutureWarning: Series.view is deprecated and will be removed in a future version. Use ``astype`` as an alternative to change the dtype.
  converted_ds = pd.to_datetime(ds_col, utc=True).view(dtype=np.int64)

WARNING - (py.warnings._showwarnmsg) - /home/moazzam/Documents/Windows/VS Code/Python/Research/Weather Forecasting - Experiments/venv/lib/python3.11/site-packages/neuralprophet/df_utils.py:1152: FutureWarning: Series.view is deprecated and will be removed in a future version. Use ``astype`` as an alternative to change the dtype.
  converted_ds = pd.to_datetime(ds_col, utc=True).view(dtype=np.int64)

WARNING - (py.warnings._showwarnmsg) - /home/moazzam/Documents/Windows/VS Code/Python/Research/Weather Forecasting - Experiments/venv/lib/python3.11/site-packages/neuralprophet/df_utils.py:464: FutureWarning: DataFrameGroupBy.apply operated on the grouping columns. This behavior is deprecated, and in a future version of pandas the grouping columns will be excluded from the operation. Either pass `include_groups=False` to exclude the groupings or explicitly select the grouping columns after groupby to silence this warning.
  if df.groupby("ID").apply(lambda x: x.duplicated("ds").any()).any():

WARNING - (py.warnings._showwarnmsg) - /home/moazzam/Documents/Windows/VS Code/Python/Research/Weather Forecasting - Experiments/venv/lib/python3.11/site-packages/neuralprophet/data/split.py:273: FutureWarning: The behavior of DataFrame concatenation with empty or all-NA entries is deprecated. In a future version, this will no longer exclude empty or all-NA columns when determining the result dtypes. To retain the old behavior, exclude the relevant entries before the concat operation.
  df = pd.concat([df, future_df])

WARNING - (py.warnings._showwarnmsg) - /home/moazzam/Documents/Windows/VS Code/Python/Research/Weather Forecasting - Experiments/venv/lib/python3.11/site-packages/neuralprophet/df_utils.py:1152: FutureWarning: Series.view is deprecated and will be removed in a future version. Use ``astype`` as an alternative to change the dtype.
  converted_ds = pd.to_datetime(ds_col, utc=True).view(dtype=np.int64)

WARNING - (py.warnings._showwarnmsg) - /home/moazzam/Documents/Windows/VS Code/Python/Research/Weather Forecasting - Experiments/venv/lib/python3.11/site-packages/neuralprophet/df_utils.py:1152: FutureWarning: Series.view is deprecated and will be removed in a future version. Use ``astype`` as an alternative to change the dtype.
  converted_ds = pd.to_datetime(ds_col, utc=True).view(dtype=np.int64)

WARNING - (py.warnings._showwarnmsg) - /home/moazzam/Documents/Windows/VS Code/Python/Research/Weather Forecasting - Experiments/venv/lib/python3.11/site-packages/neuralprophet/df_utils.py:1152: FutureWarning: Series.view is deprecated and will be removed in a future version. Use ``astype`` as an alternative to change the dtype.
  converted_ds = pd.to_datetime(ds_col, utc=True).view(dtype=np.int64)

WARNING - (py.warnings._showwarnmsg) - /home/moazzam/Documents/Windows/VS Code/Python/Research/Weather Forecasting - Experiments/venv/lib/python3.11/site-packages/neuralprophet/df_utils.py:1152: FutureWarning: Series.view is deprecated and will be removed in a future version. Use ``astype`` as an alternative to change the dtype.
  converted_ds = pd.to_datetime(ds_col, utc=True).view(dtype=np.int64)

WARNING - (py.warnings._showwarnmsg) - /home/moazzam/Documents/Windows/VS Code/Python/Research/Weather Forecasting - Experiments/venv/lib/python3.11/site-packages/neuralprophet/df_utils.py:1152: FutureWarning: Series.view is deprecated and will be removed in a future version. Use ``astype`` as an alternative to change the dtype.
  converted_ds = pd.to_datetime(ds_col, utc=True).view(dtype=np.int64)

WARNING - (py.warnings._showwarnmsg) - /home/moazzam/Documents/Windows/VS Code/Python/Research/Weather Forecasting - Experiments/venv/lib/python3.11/site-packages/neuralprophet/df_utils.py:1152: FutureWarning: Series.view is deprecated and will be removed in a future version. Use ``astype`` as an alternative to change the dtype.
  converted_ds = pd.to_datetime(ds_col, utc=True).view(dtype=np.int64)

WARNING - (py.warnings._showwarnmsg) - /home/moazzam/Documents/Windows/VS Code/Python/Research/Weather Forecasting - Experiments/venv/lib/python3.11/site-packages/neuralprophet/df_utils.py:464: FutureWarning: DataFrameGroupBy.apply operated on the grouping columns. This behavior is deprecated, and in a future version of pandas the grouping columns will be excluded from the operation. Either pass `include_groups=False` to exclude the groupings or explicitly select the grouping columns after groupby to silence this warning.
  if df.groupby("ID").apply(lambda x: x.duplicated("ds").any()).any():

WARNING - (py.warnings._showwarnmsg) - /home/moazzam/Documents/Windows/VS Code/Python/Research/Weather Forecasting - Experiments/venv/lib/python3.11/site-packages/neuralprophet/data/process.py:496: FutureWarning: DataFrameGroupBy.apply operated on the grouping columns. This behavior is deprecated, and in a future version of pandas the grouping columns will be excluded from the operation. Either pass `include_groups=False` to exclude the groupings or explicitly select the grouping columns after groupby to silence this warning.
  df_grouped = df.groupby("ID").apply(lambda x: x.set_index("ds").resample(freq).asfreq()).drop(columns=["ID"])

WARNING - (py.warnings._showwarnmsg) - /home/moazzam/Documents/Windows/VS Code/Python/Research/Weather Forecasting - Experiments/venv/lib/python3.11/site-packages/neuralprophet/data/process.py:507: FutureWarning: DataFrameGroupBy.apply operated on the grouping columns. This behavior is deprecated, and in a future version of pandas the grouping columns will be excluded from the operation. Either pass `include_groups=False` to exclude the groupings or explicitly select the grouping columns after groupby to silence this warning.
  df_dropped = df.groupby("ID", group_keys=False).apply(lambda x: x.loc[: last_valid_index[x.name]])

WARNING - (py.warnings._showwarnmsg) - /home/moazzam/Documents/Windows/VS Code/Python/Research/Weather Forecasting - Experiments/venv/lib/python3.11/site-packages/neuralprophet/data/process.py:517: FutureWarning: DataFrameGroupBy.apply operated on the grouping columns. This behavior is deprecated, and in a future version of pandas the grouping columns will be excluded from the operation. Either pass `include_groups=False` to exclude the groupings or explicitly select the grouping columns after groupby to silence this warning.
  df_dropped = df.groupby("ID", group_keys=False).apply(lambda x: x.loc[: last_valid_index[x.name]])

WARNING - (py.warnings._showwarnmsg) - /home/moazzam/Documents/Windows/VS Code/Python/Research/Weather Forecasting - Experiments/venv/lib/python3.11/site-packages/neuralprophet/data/process.py:522: FutureWarning: DataFrameGroupBy.apply operated on the grouping columns. This behavior is deprecated, and in a future version of pandas the grouping columns will be excluded from the operation. Either pass `include_groups=False` to exclude the groupings or explicitly select the grouping columns after groupby to silence this warning.
  df_to_add = df.groupby("ID", group_keys=False).apply(lambda x: x.loc[last_valid_index[x.name] + 1 :])

core_neuralprophet_walk_w11_s123 week 11 scored 120
