Importing plotly failed. Interactive plots will not work.
Importing plotly failed. Interactive plots will not work.
WARNING - (py.warnings._showwarnmsg) - /home/moazzam/Documents/Windows/VS Code/Python/Research/Weather Forecasting - Experiments/venv/lib/python3.11/site-packages/pytorch_lightning/utilities/data.py:79: Trying to infer the `batch_size` from an ambiguous collection. The batch size we found is 128. To avoid any miscalculations, use `self.log(..., batch_size=batch_size)`.

WARNING - (py.warnings._showwarnmsg) - /home/moazzam/Documents/Windows/VS Code/Python/Research/Weather Forecasting - Experiments/venv/lib/python3.11/site-packages/pytorch_lightning/utilities/data.py:79: Trying to infer the `batch_size` from an ambiguous collection. The batch size we found is 55. To avoid any miscalculations, use `self.log(..., batch_size=batch_size)`.

{
  "model": "neuralprophet",
  "status": "passed_feasibility_and_alignment",
  "pilot_only": true,
  "forecast_origin": "2024-12-16 01:00:00",
  "history_calendar_hours": 35568,
  "history_observed_targets": 35064,
  "forecast_hours": 168,
  "future_target_supplied": false,
  "device": "cpu",
  "cpu_threads": 2,
  "fit_target_imputation": false,
  "history_target_gaps": 504,
  "validation_origin_entirely_inside_training": true,
  "python": "3.11.2",
  "package_version": "0.9.0",
  "import_seconds": 3.1205723080001917,
  "torch_threads": 2,
  "cuda_available": false,
  "torch_built_cuda_version": "12.4",
  "fit_seconds": 11.367215616999601,
  "epochs_completed": 2,
  "finite_training_loss": true,
  "prediction_seconds": 0.11904793200028507,
  "fit_target_imputation_disabled_after_prediction": true,
  "configuration": "168 lags/168 leads; future regressors; 2 feasibility epochs; no training imputation",
  "training_episodes": 15,
  "complete_training_samples": 29751,
  "30_epoch_fit_seconds_linear_projection": 170.50823425499402,
  "50_epoch_fit_seconds_linear_projection": 284.18039042499004,
  "projection_caveat": "Short-pilot extrapolation includes preparation overhead; full-run timing may differ",
  "all_168_predictions_finite": true,
  "forecast_timestamps_match_calendar": true,
  "elapsed_seconds_excluding_launcher_imports": 14.91675492899958,
  "peak_rss_mib_self": 1635.2421875
}
