01:24:55 - cmdstanpy - INFO - Chain [1] start processing
01:25:09 - cmdstanpy - INFO - Chain [1] done processing
{
  "model": "prophet",
  "status": "passed_feasibility_and_alignment",
  "pilot_only": true,
  "forecast_origin": "2024-12-16 01:00:00",
  "history_calendar_hours": 35568,
  "history_observed_targets": 35064,
  "forecast_hours": 168,
  "future_target_supplied": false,
  "device": "cpu",
  "cpu_threads": 2,
  "fit_target_imputation": false,
  "history_target_gaps": 504,
  "validation_origin_entirely_inside_training": true,
  "python": "3.11.2",
  "package_version": "1.1.7",
  "import_seconds": 0.3703311790004591,
  "fit_seconds": 16.148995833999834,
  "prediction_seconds": 0.012889794999864534,
  "observed_training_rows_used": 35064,
  "configuration": "additive; default changepoints; daily/weekly/yearly; externally scaled regressors",
  "all_168_predictions_finite": true,
  "forecast_timestamps_match_calendar": true,
  "elapsed_seconds_excluding_launcher_imports": 17.03364351000073,
  "peak_rss_mib_self": 331.5234375
}
