/home/moazzam/Documents/Windows/VS Code/Python/Research/Weather Forecasting - Experiments/venv/lib/python3.11/site-packages/statsmodels/base/model.py:607: ConvergenceWarning: Maximum Likelihood optimization failed to converge. Check mle_retvals
  warnings.warn("Maximum Likelihood optimization failed to "
{
  "model": "statsmodels",
  "status": "passed_feasibility_and_alignment",
  "pilot_only": true,
  "forecast_origin": "2024-12-16 01:00:00",
  "history_calendar_hours": 35568,
  "history_observed_targets": 35064,
  "forecast_hours": 168,
  "future_target_supplied": false,
  "device": "cpu",
  "cpu_threads": 2,
  "fit_target_imputation": false,
  "history_target_gaps": 504,
  "validation_origin_entirely_inside_training": true,
  "python": "3.11.2",
  "package_version": "0.14.5",
  "import_seconds": 0.025976535999689077,
  "fit_seconds": 168.5706749910005,
  "optimizer_iterations_requested": 10,
  "optimizer_iterations_completed": 10,
  "converged": false,
  "iteration_elapsed_seconds": [
    29.72411870199994,
    71.32633785000053,
    92.44230384799994,
    103.06213827800002,
    113.64509988000009,
    124.20745509500011,
    134.95982175000063,
    145.65646417900007,
    156.4330404680004,
    167.4719987690005
  ],
  "prediction_seconds": 0.013996661999954085,
  "state_update_seconds": 0.02861029999985476,
  "fixed_parameters_state_update_passed": true,
  "low_memory": true,
  "configuration": "(1,1,1)x(1,1,1,24); low-memory filtering; no covariance estimation in feasibility pilot",
  "all_168_predictions_finite": true,
  "forecast_timestamps_match_calendar": true,
  "elapsed_seconds_excluding_launcher_imports": 168.75265155499983,
  "peak_rss_mib_self": 262.30859375
}
